<html>
<body>
<pre>
<h1>µVision Build Log</h1>
<h2>Tool Versions:</h2>
IDE-Version: ¦ÌVision V5.17.0.0
Copyright (C) 2015 ARM Ltd and ARM Germany GmbH. All rights reserved.
License Information: a Microsoft, Microsoft, LIC=FQQ9U-S67KL-MQS0F-64HCC-Z2PWY-MJLVY
 
Tool Versions:
Toolchain:       MDK-ARM Professional  Version: 5.17
Toolchain Path:  C:\Keil_v5\ARM\ARMCC\Bin
C Compiler:      Armcc.exe V5.06 update 1 (build 61)
Assembler:       Armasm.exe V5.06 update 1 (build 61)
Linker/Locator:  ArmLink.exe V5.06 update 1 (build 61)
Library Manager: ArmAr.exe V5.06 update 1 (build 61)
Hex Converter:   FromElf.exe V5.06 update 1 (build 61)
CPU DLL:         SARMCM3.DLL V5.17
Dialog DLL:      DCM.DLL V1.13.4.0
Target DLL:      STLink\ST-LINKIII-KEIL_SWO.dll V2.0.18.0
Dialog DLL:      TCM.DLL V1.14.6.0
 
<h2>Project:</h2>
C:\Users\zjz\Desktop\FreeRTOS\FreeRTOS\MDK-ARM\FreeRTOS.uvprojx
Project File Date:  07/20/2017

<h2>Output:</h2>
*** Using Compiler 'V5.06 update 1 (build 61)', folder: 'C:\Keil_v5\ARM\ARMCC\Bin'
Build target 'FreeRTOS'
compiling stm32f1xx_hal_cortex.c...
compiling stm32f1xx_hal_pwr.c...
compiling stm32f1xx_hal_gpio_ex.c...
compiling stm32f1xx_hal_tim_ex.c...
compiling stm32f1xx_hal_gpio.c...
compiling stm32f1xx_hal.c...
compiling stm32f1xx_hal_i2c.c...
compiling stm32f1xx_hal_flash.c...
compiling stm32f1xx_hal_uart.c...
compiling list.c...
compiling stm32f1xx_hal_dma.c...
compiling stm32f1xx_hal_flash_ex.c...
compiling croutine.c...
compiling stm32f1xx_hal_rcc_ex.c...
compiling port.c...
compiling timers.c...
compiling heap_4.c...
compiling queue.c...
compiling tasks.c...
compiling event_groups.c...
compiling cmsis_os.c...
compiling stm32f1xx_hal_rcc.c...
compiling freertos.c...
compiling stm32f1xx_hal_tim.c...
compiling fonts.c...
compiling stm32f1xx_hal_timebase_TIM.c...
assembling startup_stm32f103xb.s...
compiling stm32f1xx_hal_msp.c...
compiling ssd1306.c...
../Inc/ssd1306.h(238): warning:  #1295-D: Deprecated declaration ssd1306_I2C_Init - give arg types
  void ssd1306_I2C_Init();
..\Src\ssd1306.c: 1 warning, 0 errors
compiling stm32f1xx_it.c...
compiling mpu6050.c...
compiling main.c...
../Inc/ssd1306.h(238): warning:  #1295-D: Deprecated declaration ssd1306_I2C_Init - give arg types
  void ssd1306_I2C_Init();
../Src/main.c(282): warning:  #177-D: variable "rr" was declared but never referenced
  	int ss =Accel[0] ;int rr =Accel[1] ;int yy =Accel[2] ;	
../Src/main.c(282): warning:  #177-D: variable "yy" was declared but never referenced
  	int ss =Accel[0] ;int rr =Accel[1] ;int yy =Accel[2] ;	
../Src/main.c: 4 warnings, 0 errors
compiling system_stm32f1xx.c...
compiling bsp_i2c.c...
linking...
Program Size: Code=12128 RO-data=324 RW-data=140 ZI-data=6060  
"FreeRTOS\FreeRTOS.axf" - 0 Error(s), 4 Warning(s).

<h2>Software Packages used:</h2>

Package Vendor: ARM
                http://www.keil.com/pack/ARM.CMSIS.4.5.0.pack
                ARM::CMSIS:CORE:4.3.0
                CMSIS (Cortex Microcontroller Software Interface Standard)
   * Component: CORE Version: 4.3.0

<h2>Collection of Component include folders:</h2>
  C:\Users\zjz\Desktop\FreeRTOS\FreeRTOS\MDK-ARM\RTE
  C:\Keil_v5\ARM\PACK\ARM\CMSIS\4.5.0\CMSIS\Include
  C:\Keil_v5\ARM\PACK\Keil\STM32F1xx_DFP\2.0.0\Device\Include

<h2>Collection of Component Files used:</h2>

   * Component: ARM::CMSIS:CORE:4.3.0
Build Time Elapsed:  00:00:44
</pre>
</body>
</html>
